https://www.tiktok.com/@cong.minh.store/video/7410831790572670225
https://www.tiktok.com/@cong.minh.store/video/7416755749046455559
https://www.tiktok.com/@cong.minh.store/video/7539115779296431368
https://www.tiktok.com/@cong.minh.store/video/7538652375586704647
https://www.tiktok.com/@cong.minh.store/video/7533548801743703304
https://www.tiktok.com/@cong.minh.store/video/7532154098553064712
https://www.tiktok.com/@cong.minh.store/video/7530969732682370312
https://www.tiktok.com/@cong.minh.store/video/7530967010033913096
https://www.tiktok.com/@cong.minh.store/video/7530966232120560903
https://www.tiktok.com/@cong.minh.store/video/7530874943408475400
https://www.tiktok.com/@cong.minh.store/video/7530584323922103559
https://www.tiktok.com/@cong.minh.store/video/7530347321423334674
https://www.tiktok.com/@cong.minh.store/video/7527256895871143176
https://www.tiktok.com/@cong.minh.store/video/7527255942841290002
https://www.tiktok.com/@cong.minh.store/video/7526875139049377031
https://www.tiktok.com/@cong.minh.store/video/7410831790572670225
https://www.tiktok.com/@cong.minh.store/video/7426799121903783186
https://www.tiktok.com/@cong.minh.store/video/7539115779296431368
https://www.tiktok.com/@cong.minh.store/video/7416755749046455559
https://www.tiktok.com/@cong.minh.store/video/7538652375586704647
https://www.tiktok.com/@cong.minh.store/video/7533548801743703304
https://www.tiktok.com/@cong.minh.store/video/7532154098553064712
https://www.tiktok.com/@cong.minh.store/video/7530969732682370312
https://www.tiktok.com/@cong.minh.store/video/7530967010033913096
https://www.tiktok.com/@cong.minh.store/video/7530584323922103559
https://www.tiktok.com/@cong.minh.store/video/7530874943408475400
https://www.tiktok.com/@cong.minh.store/video/7426799121903783186
https://www.tiktok.com/@cong.minh.store/video/7410831790572670225
https://www.tiktok.com/@cong.minh.store/video/7416755749046455559
https://www.tiktok.com/@cong.minh.store/video/7426799121903783186
https://www.tiktok.com/@cong.minh.store/video/7539115779296431368
https://www.tiktok.com/@cong.minh.store/video/7538652375586704647
https://www.tiktok.com/@cong.minh.store/video/7533548801743703304
https://www.tiktok.com/@cong.minh.store/video/7532154098553064712
https://www.tiktok.com/@cong.minh.store/video/7530969732682370312
https://www.tiktok.com/@cong.minh.store/video/7530967010033913096
https://www.tiktok.com/@cong.minh.store/video/7530966232120560903
https://www.tiktok.com/@cong.minh.store/video/7410831790572670225
https://www.tiktok.com/@cong.minh.store/video/7416755749046455559
https://www.tiktok.com/@cong.minh.store/video/7426799121903783186
https://www.tiktok.com/@cong.minh.store/video/7426799121903783186
https://www.tiktok.com/@cong.minh.store/video/7410831790572670225
https://www.tiktok.com/@cong.minh.store/video/7416755749046455559
https://www.tiktok.com/@cong.minh.store/video/7426799121903783186
https://www.tiktok.com/@cong.minh.store/video/7539115779296431368
https://www.tiktok.com/@cong.minh.store/video/7416755749046455559
https://www.tiktok.com/@cong.minh.store/video/7410831790572670225
https://www.tiktok.com/@cong.minh.store/video/7539115779296431368
https://www.tiktok.com/@cong.minh.store/video/7538652375586704647
https://www.tiktok.com/@cong.minh.store/video/7533548801743703304
https://www.tiktok.com/@cong.minh.store/video/7532154098553064712
https://www.tiktok.com/@cong.minh.store/video/7530969732682370312
https://www.tiktok.com/@cong.minh.store/video/7530967010033913096
https://www.tiktok.com/@cong.minh.store/video/7426799121903783186
https://www.tiktok.com/@cong.minh.store/video/7416755749046455559
https://www.tiktok.com/@cong.minh.store/video/7410831790572670225
https://www.tiktok.com/@cong.minh.store/video/7539115779296431368
https://www.tiktok.com/@cong.minh.store/video/7538652375586704647
https://www.tiktok.com/@cong.minh.store/video/7533548801743703304
https://www.tiktok.com/@cong.minh.store/video/7532154098553064712
https://www.tiktok.com/@cong.minh.store/video/7530969732682370312
https://www.tiktok.com/@cong.minh.store/video/7530967010033913096
https://www.tiktok.com/@cong.minh.store/video/7530966232120560903
https://www.tiktok.com/@cong.minh.store/video/7530874943408475400
https://www.tiktok.com/@cong.minh.store/video/7530584323922103559
https://www.tiktok.com/@cong.minh.store/video/7530347321423334674
https://www.tiktok.com/@cong.minh.store/video/7426799121903783186
https://www.tiktok.com/@cong.minh.store/video/7426799121903783186
https://www.tiktok.com/@cong.minh.store/video/7416755749046455559
https://www.tiktok.com/@cong.minh.store/video/7539115779296431368
https://www.tiktok.com/@cong.minh.store/video/7538652375586704647
https://www.tiktok.com/@cong.minh.store/video/7533548801743703304
https://www.tiktok.com/@cong.minh.store/video/7532154098553064712
https://www.tiktok.com/@cong.minh.store/video/7530969732682370312
https://www.tiktok.com/@cong.minh.store/video/7530967010033913096
https://www.tiktok.com/@cong.minh.store/video/7530966232120560903
https://www.tiktok.com/@cong.minh.store/video/7530874943408475400
https://www.tiktok.com/@cong.minh.store/video/7530584323922103559
https://www.tiktok.com/@cong.minh.store/video/7530347321423334674
https://www.tiktok.com/@cong.minh.store/video/7416755749046455559
https://www.tiktok.com/@cong.minh.store/video/7416755749046455559
https://www.tiktok.com/@cong.minh.store/video/7426799121903783186
https://www.tiktok.com/@cong.minh.store/video/7410831790572670225
https://www.tiktok.com/@cong.minh.store/video/7539115779296431368
https://www.tiktok.com/@cong.minh.store/video/7538652375586704647
https://www.tiktok.com/@cong.minh.store/video/7533548801743703304
https://www.tiktok.com/@cong.minh.store/video/7532154098553064712
https://www.tiktok.com/@cong.minh.store/video/7530969732682370312
https://www.tiktok.com/@cong.minh.store/video/7530967010033913096
https://www.tiktok.com/@cong.minh.store/video/7530966232120560903
